../Core/Src/main.c:75:5:main	8	static
../Core/Src/main.c:125:6:SystemClock_Config	88	static
../Core/Src/main.c:172:13:MX_ADC1_Init	24	static
../Core/Src/main.c:224:13:MX_TIM2_Init	32	static
../Core/Src/main.c:269:13:MX_TIM3_Init	32	static
../Core/Src/main.c:314:13:MX_USART2_UART_Init	8	static
../Core/Src/main.c:345:13:MX_DMA_Init	16	static
../Core/Src/main.c:363:13:MX_GPIO_Init	48	static
../Core/Src/main.c:392:6:HAL_TIM_PeriodElapsedCallback	16	static
../Core/Src/main.c:405:6:Error_Handler	4	static,ignoring_inline_asm
